Error: Missing struct field(s): "a".:
 --> construct_struct_missing_fields.mood:8:20

  | pub fn test(): i32 {
8 |     Foo { a: 1_i32 };
  |                    ^ "Foo" is missing the field(s) "a".
  |     0_i32
