-----------------
INPUT
----------------- 
pub fn test(): bool {
  let a: i32 = 2_i32;
  (a + a) == (a * a)
}
-----------------
OUTPUT
-----------------
1