-----------------
INPUT
----------------- 
pub fn test(): bool {
  true == false
}
-----------------
OUTPUT
-----------------
0