-----------------
INPUT
----------------- 
pub fn test(): bool {
  true
}
-----------------
OUTPUT
-----------------
1