-----------------
INPUT
----------------- 
enum Maybe {
  Some(i32),
  None
}

pub fn test(): i32 {
  let x: Maybe = Maybe::Some(10_i32);
  10_i32
}
-----------------
OUTPUT
-----------------
TODO: Support enum variants with values