-----------------
INPUT
----------------- 
enum Foo {
  A,
  B,
}

pub fn test(): bool {
  Foo::A == Foo::B
}
-----------------
OUTPUT
-----------------
TODO: Implement enum equality