-----------------
INPUT
----------------- 
pub fn test(): f64 {
  10.00_f64
}
-----------------
OUTPUT
-----------------
10