-----------------
INPUT
----------------- 
fn num(): i32 {
  10_i32
}
pub fn test(): bool {
  num() == num()
}
-----------------
OUTPUT
-----------------
1