-----------------
INPUT
----------------- 
pub fn test(): i32 {
  10_i32
}
-----------------
OUTPUT
-----------------
10