-----------------
INPUT
----------------- 
enum Boolean {
  True,
  False
}

pub fn test(): Boolean {
  Boolean::True
}
-----------------
OUTPUT
-----------------
0