-----------------
INPUT
----------------- 
pub fn test(a: i32, b: i32): bool {
  a == b
}
-----------------
OUTPUT
-----------------
1