-----------------
INPUT
----------------- 
struct Box {
  width: i32,
  height: i32, 
}

fn foo(): i32 {
  let box_a: Box = Box { width: 100_i32, height: 200_i32 };
  let box_b: Box = Box { width: 300_i32, height: 400_i32 };
  box_b.height 
}

pub fn test(): i32 {
  let box_a: Box = Box { width: 10_i32, height: 20_i32 };
  let box_b: Box = Box { width: 30_i32, height: 40_i32 };
  foo()
  box_a.width
}
-----------------
OUTPUT
-----------------
10